perm_r0h_rot16_12_8_7_rateIC0: vars=2032 clauses=9568 weight_lits=496
c found falsified original clause
  k<=0: UNSAT (0.0s)
  k<=1: UNSAT (0.0s)
  k<=2: UNSAT (0.0s)
  k<=3: UNSAT (0.0s)
  k<=4: UNSAT (0.0s)
  k<=5: UNSAT (0.0s)
  k<=6: UNSAT (0.0s)
  k<=7: UNSAT (0.0s)
  k<=8: UNSAT (0.0s)
  k<=9: UNSAT (0.0s)
  k<=10: UNSAT (0.0s)
  k<=11: UNSAT (0.0s)
  k<=12: UNSAT (0.0s)
  k<=13: UNSAT (0.0s)
  k<=14: UNSAT (0.0s)
  k<=15: UNSAT (0.0s)
  k<=16: UNSAT (0.0s)
  k<=17: UNSAT (0.0s)
  k<=18: UNSAT (0.0s)
  k<=19: UNSAT (0.0s)
  k<=20: UNSAT (0.0s)
  k<=21: UNSAT (0.0s)
  k<=22: UNSAT (0.0s)
  k<=23: UNSAT (0.0s)
  k<=24: UNSAT (0.0s)
  k<=25: UNSAT (0.0s)
  k<=26: UNSAT (0.0s)
  k<=27: UNSAT (0.0s)
  k<=28: UNSAT (0.0s)
  k<=29: UNSAT (0.0s)
  k<=30: UNSAT (0.0s)
  k<=31: UNSAT (0.0s)
  k<=32: UNSAT (0.0s)
  k<=33: UNSAT (0.0s)
  k<=34: UNSAT (0.0s)
  k<=35: UNSAT (0.0s)
  k<=36: UNSAT (0.0s)
  k<=37: UNSAT (0.0s)
  k<=38: UNSAT (0.0s)
  k<=39: UNSAT (0.0s)
  k<=40: UNSAT (0.0s)
  k<=41: UNSAT (0.0s)
  k<=42: UNSAT (0.0s)
  k<=43: UNSAT (0.0s)
  k<=44: UNSAT (0.0s)
  k<=45: UNSAT (0.0s)
  k<=46: UNSAT (0.0s)
  k<=47: UNSAT (0.0s)
  k<=48: UNSAT (0.0s)
  k<=49: UNSAT (0.0s)
  k<=50: UNSAT (0.0s)
  k<=51: UNSAT (0.0s)
  k<=52: UNSAT (0.0s)
  k<=53: UNSAT (0.0s)
  k<=54: UNSAT (0.0s)
  k<=55: UNSAT (0.0s)
  k<=56: UNSAT (0.0s)
  k<=57: UNSAT (0.0s)
  k<=58: UNSAT (0.0s)
  k<=59: UNSAT (0.0s)
  k<=60: UNSAT (0.0s)
  k<=61: UNSAT (0.0s)
  k<=62: UNSAT (0.0s)
  k<=63: UNSAT (0.0s)
  k<=64: UNSAT (0.0s)
  k<=65: UNSAT (0.0s)
  k<=66: UNSAT (0.0s)
  k<=67: UNSAT (0.0s)
  k<=68: UNSAT (0.0s)
  k<=69: UNSAT (0.0s)
  k<=70: UNSAT (0.0s)
  k<=71: UNSAT (0.0s)
  k<=72: UNSAT (0.0s)
  k<=73: UNSAT (0.0s)
  k<=74: UNSAT (0.0s)
  k<=75: UNSAT (0.0s)
  k<=76: UNSAT (0.0s)
  k<=77: UNSAT (0.0s)
  k<=78: UNSAT (0.0s)
  k<=79: UNSAT (0.0s)
  k<=80: UNSAT (0.0s)
  k<=81: UNSAT (0.0s)
  k<=82: UNSAT (0.0s)
  k<=83: UNSAT (0.0s)
  k<=84: UNSAT (0.0s)
  k<=85: UNSAT (0.0s)
  k<=86: UNSAT (0.0s)
  k<=87: UNSAT (0.0s)
  k<=88: UNSAT (0.0s)
  k<=89: UNSAT (0.0s)
  k<=90: UNSAT (0.0s)
  k<=91: UNSAT (0.0s)
  k<=92: UNSAT (0.0s)
  k<=93: UNSAT (0.0s)
  k<=94: UNSAT (0.0s)
  k<=95: UNSAT (0.0s)
  k<=96: UNSAT (0.0s)
  k<=97: UNSAT (0.0s)
  k<=98: UNSAT (0.0s)
  k<=99: UNSAT (0.0s)
  k<=100: UNSAT (0.0s)
  k<=101: UNSAT (0.0s)
  k<=102: UNSAT (0.0s)
  k<=103: UNSAT (0.0s)
  k<=104: UNSAT (0.0s)
  k<=105: UNSAT (0.0s)
  k<=106: UNSAT (0.0s)
  k<=107: UNSAT (0.0s)
  k<=108: UNSAT (0.0s)
  k<=109: UNSAT (0.0s)
  k<=110: UNSAT (0.0s)
  k<=111: UNSAT (0.0s)
  k<=112: UNSAT (0.0s)
  k<=113: UNSAT (0.0s)
  k<=114: UNSAT (0.0s)
  k<=115: UNSAT (0.0s)
  k<=116: UNSAT (0.0s)
  k<=117: UNSAT (0.0s)
  k<=118: UNSAT (0.0s)
  k<=119: UNSAT (0.0s)
  k<=120: UNSAT (0.0s)
  k<=121: UNSAT (0.0s)
  k<=122: UNSAT (0.0s)
  k<=123: UNSAT (0.0s)
  k<=124: UNSAT (0.0s)
  k<=125: UNSAT (0.0s)
  k<=126: UNSAT (0.0s)
  k<=127: UNSAT (0.0s)
  k<=128: UNSAT (0.0s)
  k<=129: UNSAT (0.0s)
  k<=130: UNSAT (0.0s)
  k<=131: UNSAT (0.0s)
  k<=132: UNSAT (0.0s)
  k<=133: UNSAT (0.0s)
  k<=134: UNSAT (0.0s)
  k<=135: UNSAT (0.0s)
  k<=136: UNSAT (0.0s)
  k<=137: UNSAT (0.0s)
  k<=138: UNSAT (0.0s)
  k<=139: UNSAT (0.0s)
  k<=140: UNSAT (0.0s)
  k<=141: UNSAT (0.0s)
  k<=142: UNSAT (0.0s)
  k<=143: UNSAT (0.0s)
  k<=144: UNSAT (0.0s)
  k<=145: UNSAT (0.0s)
  k<=146: UNSAT (0.0s)
  k<=147: UNSAT (0.0s)
  k<=148: UNSAT (0.0s)
  k<=149: UNSAT (0.0s)
  k<=150: UNSAT (0.0s)
  k<=151: UNSAT (0.0s)
  k<=152: UNSAT (0.0s)
  k<=153: UNSAT (0.0s)
  k<=154: UNSAT (0.0s)
  k<=155: UNSAT (0.0s)
  k<=156: UNSAT (0.0s)
  k<=157: UNSAT (0.0s)
  k<=158: UNSAT (0.0s)
  k<=159: UNSAT (0.0s)
  k<=160: UNSAT (0.0s)
RESULT perm_r0h_rot16_12_8_7_rateIC0: weight >= 161, best trail weight = None, optimal=False (0.1s)
wrote D:\Project\fable\data\diff\perm_r0h_rot16_12_8_7_rateIC0.json
