perm_r1_rot16_12_8_7_rateIO: vars=3552 clauses=18369 weight_lits=992
  k<=0: UNSAT (0.0s)
  k<=1: UNSAT (0.0s)
  k<=2: UNSAT (0.0s)
  k<=3: UNSAT (0.1s)
  k<=4: UNSAT (0.2s)
  k<=5: UNSAT (0.3s)
  k<=6: UNSAT (0.7s)
  k<=7: UNSAT (0.9s)
  k<=8: UNSAT (1.5s)
  k<=9: UNSAT (2.0s)
  k<=10: UNSAT (3.3s)
  k<=11: UNSAT (5.9s)
  k<=12: UNSAT (8.0s)
  k<=13: UNSAT (13.8s)
  k<=14: UNSAT (13.6s)
  k<=15: UNSAT (27.8s)
  k<=16: UNSAT (37.2s)
  k<=17: UNSAT (50.8s)
  k<=18: UNSAT (66.1s)
  k<=19: UNSAT (137.3s)
  k<=20: UNSAT (206.1s)
  k<=21: UNSAT (374.6s)
  k<=22: SAT (12.2s)
RESULT perm_r1_rot16_12_8_7_rateIO: weight >= 22, best trail weight = 22, optimal=True (962.5s)
wrote D:\Project\fable\data\diff\perm_r1_rot16_12_8_7_rateIO.json
