Process SpawnPoolWorker-3:
Traceback (most recent call last):
  File "C:\Users\toki1\AppData\Local\Programs\Python\Python310\lib\multiprocessing\pool.py", line 131, in worker
    put((job, i, result))
  File "C:\Users\toki1\AppData\Local\Programs\Python\Python310\lib\multiprocessing\queues.py", line 374, in put
    self._writer.send_bytes(obj)
  File "C:\Users\toki1\AppData\Local\Programs\Python\Python310\lib\multiprocessing\connection.py", line 200, in send_bytes
    self._send_bytes(m[offset:offset + size])
  File "C:\Users\toki1\AppData\Local\Programs\Python\Python310\lib\multiprocessing\connection.py", line 280, in _send_bytes
    ov, err = _winapi.WriteFile(self._handle, buf, overlapped=True)
BrokenPipeError: [WinError 232] 管道正在被关闭。

During handling of the above exception, another exception occurred:

Traceback (most recent call last):
  File "C:\Users\toki1\AppData\Local\Programs\Python\Python310\lib\multiprocessing\process.py", line 314, in _bootstrap
    self.run()
  File "C:\Users\toki1\AppData\Local\Programs\Python\Python310\lib\multiprocessing\process.py", line 108, in run
    self._target(*self._args, **self._kwargs)
  File "C:\Users\toki1\AppData\Local\Programs\Python\Python310\lib\multiprocessing\pool.py", line 136, in worker
    put((job, i, (False, wrapped)))
  File "C:\Users\toki1\AppData\Local\Programs\Python\Python310\lib\multiprocessing\queues.py", line 374, in put
    self._writer.send_bytes(obj)
  File "C:\Users\toki1\AppData\Local\Programs\Python\Python310\lib\multiprocessing\connection.py", line 200, in send_bytes
    self._send_bytes(m[offset:offset + size])
  File "C:\Users\toki1\AppData\Local\Programs\Python\Python310\lib\multiprocessing\connection.py", line 280, in _send_bytes
    ov, err = _winapi.WriteFile(self._handle, buf, overlapped=True)
BrokenPipeError: [WinError 232] 管道正在被关闭。
Process SpawnPoolWorker-5:
Traceback (most recent call last):
  File "C:\Users\toki1\AppData\Local\Programs\Python\Python310\lib\multiprocessing\pool.py", line 131, in worker
    put((job, i, result))
  File "C:\Users\toki1\AppData\Local\Programs\Python\Python310\lib\multiprocessing\queues.py", line 374, in put
    self._writer.send_bytes(obj)
  File "C:\Users\toki1\AppData\Local\Programs\Python\Python310\lib\multiprocessing\connection.py", line 200, in send_bytes
    self._send_bytes(m[offset:offset + size])
  File "C:\Users\toki1\AppData\Local\Programs\Python\Python310\lib\multiprocessing\connection.py", line 280, in _send_bytes
    ov, err = _winapi.WriteFile(self._handle, buf, overlapped=True)
BrokenPipeError: [WinError 232] 管道正在被关闭。

During handling of the above exception, another exception occurred:

Traceback (most recent call last):
  File "C:\Users\toki1\AppData\Local\Programs\Python\Python310\lib\multiprocessing\process.py", line 314, in _bootstrap
    self.run()
  File "C:\Users\toki1\AppData\Local\Programs\Python\Python310\lib\multiprocessing\process.py", line 108, in run
    self._target(*self._args, **self._kwargs)
  File "C:\Users\toki1\AppData\Local\Programs\Python\Python310\lib\multiprocessing\pool.py", line 136, in worker
    put((job, i, (False, wrapped)))
  File "C:\Users\toki1\AppData\Local\Programs\Python\Python310\lib\multiprocessing\queues.py", line 374, in put
    self._writer.send_bytes(obj)
  File "C:\Users\toki1\AppData\Local\Programs\Python\Python310\lib\multiprocessing\connection.py", line 200, in send_bytes
    self._send_bytes(m[offset:offset + size])
  File "C:\Users\toki1\AppData\Local\Programs\Python\Python310\lib\multiprocessing\connection.py", line 280, in _send_bytes
    ov, err = _winapi.WriteFile(self._handle, buf, overlapped=True)
BrokenPipeError: [WinError 232] 管道正在被关闭。
Process SpawnPoolWorker-4:
Traceback (most recent call last):
  File "C:\Users\toki1\AppData\Local\Programs\Python\Python310\lib\multiprocessing\pool.py", line 131, in worker
    put((job, i, result))
  File "C:\Users\toki1\AppData\Local\Programs\Python\Python310\lib\multiprocessing\queues.py", line 374, in put
    self._writer.send_bytes(obj)
  File "C:\Users\toki1\AppData\Local\Programs\Python\Python310\lib\multiprocessing\connection.py", line 200, in send_bytes
    self._send_bytes(m[offset:offset + size])
  File "C:\Users\toki1\AppData\Local\Programs\Python\Python310\lib\multiprocessing\connection.py", line 280, in _send_bytes
    ov, err = _winapi.WriteFile(self._handle, buf, overlapped=True)
BrokenPipeError: [WinError 232] 管道正在被关闭。

During handling of the above exception, another exception occurred:

Traceback (most recent call last):
  File "C:\Users\toki1\AppData\Local\Programs\Python\Python310\lib\multiprocessing\process.py", line 314, in _bootstrap
    self.run()
  File "C:\Users\toki1\AppData\Local\Programs\Python\Python310\lib\multiprocessing\process.py", line 108, in run
    self._target(*self._args, **self._kwargs)
  File "C:\Users\toki1\AppData\Local\Programs\Python\Python310\lib\multiprocessing\pool.py", line 136, in worker
    put((job, i, (False, wrapped)))
  File "C:\Users\toki1\AppData\Local\Programs\Python\Python310\lib\multiprocessing\queues.py", line 374, in put
    self._writer.send_bytes(obj)
  File "C:\Users\toki1\AppData\Local\Programs\Python\Python310\lib\multiprocessing\connection.py", line 200, in send_bytes
    self._send_bytes(m[offset:offset + size])
  File "C:\Users\toki1\AppData\Local\Programs\Python\Python310\lib\multiprocessing\connection.py", line 280, in _send_bytes
    ov, err = _winapi.WriteFile(self._handle, buf, overlapped=True)
BrokenPipeError: [WinError 232] 管道正在被关闭。
Process SpawnPoolWorker-6:
Traceback (most recent call last):
  File "C:\Users\toki1\AppData\Local\Programs\Python\Python310\lib\multiprocessing\pool.py", line 131, in worker
    put((job, i, result))
  File "C:\Users\toki1\AppData\Local\Programs\Python\Python310\lib\multiprocessing\queues.py", line 374, in put
    self._writer.send_bytes(obj)
  File "C:\Users\toki1\AppData\Local\Programs\Python\Python310\lib\multiprocessing\connection.py", line 200, in send_bytes
    self._send_bytes(m[offset:offset + size])
  File "C:\Users\toki1\AppData\Local\Programs\Python\Python310\lib\multiprocessing\connection.py", line 280, in _send_bytes
    ov, err = _winapi.WriteFile(self._handle, buf, overlapped=True)
BrokenPipeError: [WinError 232] 管道正在被关闭。

During handling of the above exception, another exception occurred:

Traceback (most recent call last):
  File "C:\Users\toki1\AppData\Local\Programs\Python\Python310\lib\multiprocessing\process.py", line 314, in _bootstrap
    self.run()
  File "C:\Users\toki1\AppData\Local\Programs\Python\Python310\lib\multiprocessing\process.py", line 108, in run
    self._target(*self._args, **self._kwargs)
  File "C:\Users\toki1\AppData\Local\Programs\Python\Python310\lib\multiprocessing\pool.py", line 136, in worker
    put((job, i, (False, wrapped)))
  File "C:\Users\toki1\AppData\Local\Programs\Python\Python310\lib\multiprocessing\queues.py", line 374, in put
    self._writer.send_bytes(obj)
  File "C:\Users\toki1\AppData\Local\Programs\Python\Python310\lib\multiprocessing\connection.py", line 200, in send_bytes
    self._send_bytes(m[offset:offset + size])
  File "C:\Users\toki1\AppData\Local\Programs\Python\Python310\lib\multiprocessing\connection.py", line 280, in _send_bytes
    ov, err = _winapi.WriteFile(self._handle, buf, overlapped=True)
BrokenPipeError: [WinError 232] 管道正在被关闭。
Process SpawnPoolWorker-2:
Traceback (most recent call last):
  File "C:\Users\toki1\AppData\Local\Programs\Python\Python310\lib\multiprocessing\pool.py", line 131, in worker
    put((job, i, result))
  File "C:\Users\toki1\AppData\Local\Programs\Python\Python310\lib\multiprocessing\queues.py", line 374, in put
    self._writer.send_bytes(obj)
  File "C:\Users\toki1\AppData\Local\Programs\Python\Python310\lib\multiprocessing\connection.py", line 200, in send_bytes
    self._send_bytes(m[offset:offset + size])
  File "C:\Users\toki1\AppData\Local\Programs\Python\Python310\lib\multiprocessing\connection.py", line 280, in _send_bytes
    ov, err = _winapi.WriteFile(self._handle, buf, overlapped=True)
BrokenPipeError: [WinError 232] 管道正在被关闭。

During handling of the above exception, another exception occurred:

Traceback (most recent call last):
  File "C:\Users\toki1\AppData\Local\Programs\Python\Python310\lib\multiprocessing\process.py", line 314, in _bootstrap
    self.run()
  File "C:\Users\toki1\AppData\Local\Programs\Python\Python310\lib\multiprocessing\process.py", line 108, in run
    self._target(*self._args, **self._kwargs)
  File "C:\Users\toki1\AppData\Local\Programs\Python\Python310\lib\multiprocessing\pool.py", line 136, in worker
    put((job, i, (False, wrapped)))
  File "C:\Users\toki1\AppData\Local\Programs\Python\Python310\lib\multiprocessing\queues.py", line 374, in put
    self._writer.send_bytes(obj)
  File "C:\Users\toki1\AppData\Local\Programs\Python\Python310\lib\multiprocessing\connection.py", line 200, in send_bytes
    self._send_bytes(m[offset:offset + size])
  File "C:\Users\toki1\AppData\Local\Programs\Python\Python310\lib\multiprocessing\connection.py", line 280, in _send_bytes
    ov, err = _winapi.WriteFile(self._handle, buf, overlapped=True)
BrokenPipeError: [WinError 232] 管道正在被关闭。
Process SpawnPoolWorker-1:
Traceback (most recent call last):
  File "C:\Users\toki1\AppData\Local\Programs\Python\Python310\lib\multiprocessing\pool.py", line 131, in worker
    put((job, i, result))
  File "C:\Users\toki1\AppData\Local\Programs\Python\Python310\lib\multiprocessing\queues.py", line 374, in put
    self._writer.send_bytes(obj)
  File "C:\Users\toki1\AppData\Local\Programs\Python\Python310\lib\multiprocessing\connection.py", line 200, in send_bytes
    self._send_bytes(m[offset:offset + size])
  File "C:\Users\toki1\AppData\Local\Programs\Python\Python310\lib\multiprocessing\connection.py", line 280, in _send_bytes
    ov, err = _winapi.WriteFile(self._handle, buf, overlapped=True)
BrokenPipeError: [WinError 232] 管道正在被关闭。

During handling of the above exception, another exception occurred:

Traceback (most recent call last):
  File "C:\Users\toki1\AppData\Local\Programs\Python\Python310\lib\multiprocessing\process.py", line 314, in _bootstrap
    self.run()
  File "C:\Users\toki1\AppData\Local\Programs\Python\Python310\lib\multiprocessing\process.py", line 108, in run
    self._target(*self._args, **self._kwargs)
  File "C:\Users\toki1\AppData\Local\Programs\Python\Python310\lib\multiprocessing\pool.py", line 136, in worker
    put((job, i, (False, wrapped)))
  File "C:\Users\toki1\AppData\Local\Programs\Python\Python310\lib\multiprocessing\queues.py", line 374, in put
    self._writer.send_bytes(obj)
  File "C:\Users\toki1\AppData\Local\Programs\Python\Python310\lib\multiprocessing\connection.py", line 200, in send_bytes
    self._send_bytes(m[offset:offset + size])
  File "C:\Users\toki1\AppData\Local\Programs\Python\Python310\lib\multiprocessing\connection.py", line 280, in _send_bytes
    ov, err = _winapi.WriteFile(self._handle, buf, overlapped=True)
BrokenPipeError: [WinError 232] 管道正在被关闭。
